Release 14.4 - xst P.49d (nt)
Copyright (c) 1995-2012 Xilinx, Inc.  All rights reserved.
--> Parameter TMPDIR set to xst/projnav.tmp


Total REAL time to Xst completion: 0.00 secs
Total CPU time to Xst completion: 0.30 secs
 
--> Parameter xsthdpdir set to xst


Total REAL time to Xst completion: 0.00 secs
Total CPU time to Xst completion: 0.31 secs
 
--> Reading design: ADC_board_test.prj

TABLE OF CONTENTS
  1) Synthesis Options Summary
  2) HDL Parsing
  3) HDL Elaboration
  4) HDL Synthesis
       4.1) HDL Synthesis Report
  5) Advanced HDL Synthesis
       5.1) Advanced HDL Synthesis Report
  6) Low Level Synthesis
  7) Partition Report
  8) Design Summary
       8.1) Primitive and Black Box Usage
       8.2) Device utilization summary
       8.3) Partition Resource Summary
       8.4) Timing Report
            8.4.1) Clock Information
            8.4.2) Asynchronous Control Signals Information
            8.4.3) Timing Summary
            8.4.4) Timing Details
            8.4.5) Cross Clock Domains Report


=========================================================================
*                      Synthesis Options Summary                        *
=========================================================================
---- Source Parameters
Input File Name                    : "ADC_board_test.prj"
Ignore Synthesis Constraint File   : NO

---- Target Parameters
Output File Name                   : "ADC_board_test"
Output Format                      : NGC
Target Device                      : xc6slx45-3-fgg484

---- Source Options
Top Module Name                    : ADC_board_test
Automatic FSM Extraction           : YES
FSM Encoding Algorithm             : Auto
Safe Implementation                : No
FSM Style                          : LUT
RAM Extraction                     : Yes
RAM Style                          : Auto
ROM Extraction                     : Yes
Shift Register Extraction          : YES
ROM Style                          : Auto
Resource Sharing                   : YES
Asynchronous To Synchronous        : NO
Shift Register Minimum Size        : 2
Use DSP Block                      : Auto
Automatic Register Balancing       : No

---- Target Options
LUT Combining                      : Auto
Reduce Control Sets                : Auto
Add IO Buffers                     : YES
Global Maximum Fanout              : 100000
Add Generic Clock Buffer(BUFG)     : 16
Register Duplication               : YES
Optimize Instantiated Primitives   : NO
Use Clock Enable                   : Auto
Use Synchronous Set                : Auto
Use Synchronous Reset              : Auto
Pack IO Registers into IOBs        : Auto
Equivalent register Removal        : YES

---- General Options
Optimization Goal                  : Speed
Optimization Effort                : 1
Power Reduction                    : NO
Keep Hierarchy                     : No
Netlist Hierarchy                  : As_Optimized
RTL Output                         : Yes
Global Optimization                : AllClockNets
Read Cores                         : YES
Write Timing Constraints           : NO
Cross Clock Analysis               : NO
Hierarchy Separator                : /
Bus Delimiter                      : <>
Case Specifier                     : Maintain
Slice Utilization Ratio            : 100
BRAM Utilization Ratio             : 100
DSP48 Utilization Ratio            : 100
Auto BRAM Packing                  : NO
Slice Utilization Ratio Delta      : 5

=========================================================================


=========================================================================
*                          HDL Parsing                                  *
=========================================================================
Parsing VHDL file "C:\Xpro_v14\8_semester\EMB2-Pong-Group5\vga_decoder\vga_decoder\ADC_AD9215_handler.vhd" into library work
Parsing entity <ADC_AD9215_handler>.
Parsing architecture <Behavioral> of entity <adc_ad9215_handler>.
Parsing VHDL file "C:\Xpro_v14\8_semester\EMB2-Pong-Group5\vga_decoder\vga_decoder\ADC_board_test.vhd" into library work
Parsing entity <ADC_board_test>.
Parsing architecture <Behavioral> of entity <adc_board_test>.
WARNING:HDLCompiler:946 - "C:\Xpro_v14\8_semester\EMB2-Pong-Group5\vga_decoder\vga_decoder\ADC_board_test.vhd" Line 91: Actual for formal port c1 is neither a static name nor a globally static expression

=========================================================================
*                            HDL Elaboration                            *
=========================================================================

Elaborating entity <ADC_board_test> (architecture <Behavioral>) from library <work>.

Elaborating entity <ADC_AD9215_handler> (architecture <Behavioral>) with generics from library <work>.

=========================================================================
*                           HDL Synthesis                               *
=========================================================================

Synthesizing Unit <ADC_board_test>.
    Related source file is "C:\Xpro_v14\8_semester\EMB2-Pong-Group5\vga_decoder\vga_decoder\ADC_board_test.vhd".
    Summary:
	no macro.
Unit <ADC_board_test> synthesized.

Synthesizing Unit <ADC_AD9215_handler>.
    Related source file is "C:\Xpro_v14\8_semester\EMB2-Pong-Group5\vga_decoder\vga_decoder\ADC_AD9215_handler.vhd".
        Input_clk_freq_MHZ = 200
    Found 10-bit register for signal <adc_value_o>.
    Summary:
	inferred  10 D-type flip-flop(s).
Unit <ADC_AD9215_handler> synthesized.

=========================================================================
HDL Synthesis Report

Macro Statistics
# Registers                                            : 1
 10-bit register                                       : 1

=========================================================================

=========================================================================
*                       Advanced HDL Synthesis                          *
=========================================================================

WARNING:Xst:2677 - Node <adc_value_o_5> of sequential type is unconnected in block <R_ADC>.
WARNING:Xst:2677 - Node <adc_value_o_6> of sequential type is unconnected in block <R_ADC>.
WARNING:Xst:2677 - Node <adc_value_o_7> of sequential type is unconnected in block <R_ADC>.
WARNING:Xst:2677 - Node <adc_value_o_8> of sequential type is unconnected in block <R_ADC>.
WARNING:Xst:2677 - Node <adc_value_o_9> of sequential type is unconnected in block <R_ADC>.

=========================================================================
Advanced HDL Synthesis Report

Macro Statistics
# Registers                                            : 10
 Flip-Flops                                            : 10

=========================================================================

=========================================================================
*                         Low Level Synthesis                           *
=========================================================================

Optimizing unit <ADC_AD9215_handler> ...

Optimizing unit <ADC_board_test> ...
WARNING:Xst:2677 - Node <R_ADC/adc_value_o_9> of sequential type is unconnected in block <ADC_board_test>.
WARNING:Xst:2677 - Node <R_ADC/adc_value_o_8> of sequential type is unconnected in block <ADC_board_test>.
WARNING:Xst:2677 - Node <R_ADC/adc_value_o_7> of sequential type is unconnected in block <ADC_board_test>.
WARNING:Xst:2677 - Node <R_ADC/adc_value_o_6> of sequential type is unconnected in block <ADC_board_test>.
WARNING:Xst:2677 - Node <R_ADC/adc_value_o_5> of sequential type is unconnected in block <ADC_board_test>.

Mapping all equations...
Building and optimizing final netlist ...
Found area constraint ratio of 100 (+ 5) on block ADC_board_test, actual ratio is 0.

Final Macro Processing ...

=========================================================================
Final Register Report

Macro Statistics
# Registers                                            : 5
 Flip-Flops                                            : 5

=========================================================================

=========================================================================
*                           Partition Report                            *
=========================================================================

Partition Implementation Status
-------------------------------

  No Partitions were found in this design.

-------------------------------

=========================================================================
*                            Design Summary                             *
=========================================================================

Top Level Output File Name         : ADC_board_test.ngc

Primitive and Black Box Usage:
------------------------------
# BELS                             : 3
#      GND                         : 1
#      INV                         : 1
#      VCC                         : 1
# FlipFlops/Latches                : 6
#      FD                          : 5
#      ODDR2                       : 1
# Clock Buffers                    : 1
#      BUFG                        : 1
# IO Buffers                       : 16
#      IBUF                        : 7
#      IBUFG                       : 1
#      OBUF                        : 8
# DCMs                             : 1
#      DCM_CLKGEN                  : 1

Device utilization summary:
---------------------------

Selected Device : 6slx45fgg484-3 


Slice Logic Utilization: 
 Number of Slice Registers:               1  out of  54576     0%  
 Number of Slice LUTs:                    1  out of  27288     0%  
    Number used as Logic:                 1  out of  27288     0%  

Slice Logic Distribution: 
 Number of LUT Flip Flop pairs used:      2
   Number with an unused Flip Flop:       1  out of      2    50%  
   Number with an unused LUT:             1  out of      2    50%  
   Number of fully used LUT-FF pairs:     0  out of      2     0%  
   Number of unique control sets:         1

IO Utilization: 
 Number of IOs:                          21
 Number of bonded IOBs:                  16  out of    316     5%  
    IOB Flip Flops/Latches:               5

Specific Feature Utilization:
 Number of BUFG/BUFGCTRLs:                1  out of     16     6%  

---------------------------
Partition Resource Summary:
---------------------------

  No Partitions were found in this design.

---------------------------


=========================================================================
Timing Report

NOTE: THESE TIMING NUMBERS ARE ONLY A SYNTHESIS ESTIMATE.
      FOR ACCURATE TIMING INFORMATION PLEASE REFER TO THE TRACE REPORT
      GENERATED AFTER PLACE-and-ROUTE.

Clock Information:
------------------
-----------------------------------+------------------------+-------+
Clock Signal                       | Clock buffer(FF name)  | Load  |
-----------------------------------+------------------------+-------+
clk_100M7                          | BUFG                   | 7     |
-----------------------------------+------------------------+-------+

Asynchronous Control Signals Information:
----------------------------------------
No asynchronous control signals found in this design

Timing Summary:
---------------
Speed Grade: -3

   Minimum period: No path found
   Minimum input arrival time before clock: 1.903ns
   Maximum output required time after clock: 3.597ns
   Maximum combinational path delay: 4.372ns

Timing Details:
---------------
All values displayed in nanoseconds (ns)

=========================================================================
Timing constraint: Default OFFSET IN BEFORE for Clock 'clk_100M7'
  Total number of paths / destination ports: 5 / 5
-------------------------------------------------------------------------
Offset:              1.903ns (Levels of Logic = 1)
  Source:            fx2_vga_red_i<4> (PAD)
  Destination:       R_ADC/adc_value_o_4 (FF)
  Destination Clock: clk_100M7 rising

  Data Path: fx2_vga_red_i<4> to R_ADC/adc_value_o_4
                                Gate     Net
    Cell:in->out      fanout   Delay   Delay  Logical Name (Net Name)
    ----------------------------------------  ------------
     IBUF:I->O             1   1.222   0.579  fx2_vga_red_i_4_IBUF (fx2_vga_red_i_4_IBUF)
     FD:D                      0.102          R_ADC/adc_value_o_4
    ----------------------------------------
    Total                      1.903ns (1.324ns logic, 0.579ns route)
                                       (69.6% logic, 30.4% route)

=========================================================================
Timing constraint: Default OFFSET OUT AFTER for Clock 'clk_100M7'
  Total number of paths / destination ports: 5 / 5
-------------------------------------------------------------------------
Offset:              3.597ns (Levels of Logic = 1)
  Source:            R_ADC/adc_value_o_4 (FF)
  Destination:       led_o<2> (PAD)
  Source Clock:      clk_100M7 rising

  Data Path: R_ADC/adc_value_o_4 to led_o<2>
                                Gate     Net
    Cell:in->out      fanout   Delay   Delay  Logical Name (Net Name)
    ----------------------------------------  ------------
     FD:C->Q               1   0.447   0.579  R_ADC/adc_value_o_4 (R_ADC/adc_value_o_4)
     OBUF:I->O                 2.571          led_o_2_OBUF (led_o<2>)
    ----------------------------------------
    Total                      3.597ns (3.018ns logic, 0.579ns route)
                                       (83.9% logic, 16.1% route)

=========================================================================
Timing constraint: Default path analysis
  Total number of paths / destination ports: 3 / 3
-------------------------------------------------------------------------
Delay:               4.372ns (Levels of Logic = 2)
  Source:            fx2_vga_hsync_i (PAD)
  Destination:       led_o<0> (PAD)

  Data Path: fx2_vga_hsync_i to led_o<0>
                                Gate     Net
    Cell:in->out      fanout   Delay   Delay  Logical Name (Net Name)
    ----------------------------------------  ------------
     IBUF:I->O             1   1.222   0.579  fx2_vga_hsync_i_IBUF (led_o_0_OBUF)
     OBUF:I->O                 2.571          led_o_0_OBUF (led_o<0>)
    ----------------------------------------
    Total                      4.372ns (3.793ns logic, 0.579ns route)
                                       (86.8% logic, 13.2% route)

=========================================================================

Cross Clock Domains Report:
--------------------------

=========================================================================


Total REAL time to Xst completion: 7.00 secs
Total CPU time to Xst completion: 7.40 secs
 
--> 

Total memory usage is 191960 kilobytes

Number of errors   :    0 (   0 filtered)
Number of warnings :   11 (   0 filtered)
Number of infos    :    0 (   0 filtered)

