--------------------------------------------------------------------------------
Release 14.4 Trace  (nt)
Copyright (c) 1995-2012 Xilinx, Inc.  All rights reserved.

C:\Xilinx\14.4\ISE_DS\ISE\bin\nt\unwrapped\trce.exe -intstyle ise -v 3 -s 3 -n
3 -fastpaths -xml vga_decoder_test.twx vga_decoder_test.ncd -o
vga_decoder_test.twr vga_decoder_test.pcf

Design file:              vga_decoder_test.ncd
Physical constraint file: vga_decoder_test.pcf
Device,package,speed:     xc6slx45,fgg484,C,-3 (PRODUCTION 1.23 2012-12-04)
Report level:             verbose report

Environment Variable      Effect 
--------------------      ------ 
NONE                      No environment variables were set
--------------------------------------------------------------------------------

INFO:Timing:2698 - No timing constraints found, doing default enumeration.
INFO:Timing:3412 - To improve timing, see the Timing Closure User Guide (UG612).
INFO:Timing:2752 - To get complete path coverage, use the unconstrained paths 
   option. All paths that are not constrained will be reported in the 
   unconstrained paths section(s) of the report.
INFO:Timing:3339 - The clock-to-out numbers in this timing report are based on 
   a 50 Ohm transmission line loading model.  For the details of this model, 
   and for more information on accounting for different loading conditions, 
   please see the device datasheet.



Data Sheet report:
-----------------
All values displayed in nanoseconds (ns)

Clock clk_200M_i to Pad
-------------------+-----------------+------------+-----------------+------------+------------------+--------+
                   |Max (slowest) clk|  Process   |Min (fastest) clk|  Process   |                  | Clock  |
Destination        |  (edge) to PAD  |   Corner   |  (edge) to PAD  |   Corner   |Internal Clock(s) | Phase  |
-------------------+-----------------+------------+-----------------+------------+------------------+--------+
fx2_vga_blue_clk_o |         9.435(R)|      SLOW  |         5.219(R)|      FAST  |clk_100M7_BUFG    |   0.000|
                   |         9.410(F)|      SLOW  |         5.153(F)|      FAST  |clk_100M7_BUFG    |   0.000|
fx2_vga_green_clk_o|         9.435(R)|      SLOW  |         5.219(R)|      FAST  |clk_100M7_BUFG    |   0.000|
                   |         9.410(F)|      SLOW  |         5.153(F)|      FAST  |clk_100M7_BUFG    |   0.000|
fx2_vga_red_clk_o  |         9.485(R)|      SLOW  |         5.269(R)|      FAST  |clk_100M7_BUFG    |   0.000|
                   |         9.460(F)|      SLOW  |         5.203(F)|      FAST  |clk_100M7_BUFG    |   0.000|
-------------------+-----------------+------------+-----------------+------------+------------------+--------+


Analysis completed Thu Apr 16 14:00:45 2015 
--------------------------------------------------------------------------------

Trace Settings:
-------------------------
Trace Settings 

Peak Memory Usage: 181 MB



